.\venv\Scripts\python : C:\laragon\www\wedding-decoration\venv\Lib\site-packages\sqlalchemy\sql\schema.py:3624: 
DeprecationWarning: datetime.datetime.utcnow() is deprecated and scheduled for removal in a future version. Use 
timezone-aware objects to represent datetimes in UTC: datetime.datetime.now(datetime.UTC).
At line:1 char:1
+ .\venv\Scripts\python -m unittest tests/test_auth.py > test_output.lo ...
+ ~~~~~~~~~~~~~~~~~~~~~~~~~~~~~~~~~~~~~~~~~~~~~~~~~~~~~~~~~~~~~~~~~~~~~
    + CategoryInfo          : NotSpecified: (C:\laragon\www\...(datetime.UTC).:String) [], RemoteException
    + FullyQualifiedErrorId : NativeCommandError
 
  return util.wrap_callable(lambda ctx: fn(), fn)  # type: ignore
..F...........
======================================================================
FAIL: test_admin_toggle_customer_status (tests.test_auth.AuthTestCase.test_admin_toggle_customer_status)
Uji admin mengubah keaktifan akun pelanggan (is_active)
----------------------------------------------------------------------
Traceback (most recent call last):
  File "C:\laragon\www\wedding-decoration\tests\test_auth.py", line 369, in test_admin_toggle_customer_status
    self.assertIn(b'Invalid email or password.', response_login.data)
    ~~~~~~~~~~~~~^^^^^^^^^^^^^^^^^^^^^^^^^^^^^^^^^^^^^^^^^^^^^^^^^^^^
AssertionError: b'Invalid email or password.' not found in b'<!doctype html>\n<html lang="id">\n  <head>\n    <meta 
charset="UTF-8" />\n    <meta name="viewport" content="width=device-width, initial-scale=1.0" />\n    <title>\n      
Home | Griya Rias\n      Saraswati\n    </title>\n    <!-- Bootstrap CSS -->\n    <link\n      
href="https://cdn.jsdelivr.net/npm/bootstrap@5.3.0/dist/css/bootstrap.min.css"\n      rel="stylesheet"\n    />\n    
<!-- Bootstrap Icons -->\n    <link\n      
href="https://cdn.jsdelivr.net/npm/bootstrap-icons@1.11.1/font/bootstrap-icons.css"\n      rel="stylesheet"\n    />\n  
  <!-- Google Fonts: Playfair Display & Inter -->\n    <link rel="preconnect" href="https://fonts.googleapis.com" />\n 
   <link rel="preconnect" href="https://fonts.gstatic.com" crossorigin />\n    <link\n      href="https://fonts.googlea
pis.com/css2?family=Inter:wght@300;400;500;600;700&family=Playfair+Display:ital,wght@0,400;0,600;0,700;1,400&display=sw
ap"\n      rel="stylesheet"\n    />\n    <!-- Custom CSS -->\n    <link\n      href="/static/css/style.css"\n      
rel="stylesheet"\n    />\n    <style>\n      body {\n        padding-top: 70px;\n      }\n    </style>\n  </head>\n\n  
<body>\n    <nav class="navbar navbar-expand-lg navbar-dark fixed-top navbar-custom">\n      <div class="container">\n 
       <a class="navbar-brand" href="/index">\n          <i class="bi bi-flower1"></i> Griya Rias Saraswati\n        
</a>\n        <button\n          class="navbar-toggler"\n          type="button"\n          
data-bs-toggle="collapse"\n          data-bs-target="#navbarNav"\n          aria-controls="navbarNav"\n          
aria-expanded="false"\n          aria-label="Toggle navigation"\n        >\n          <span 
class="navbar-toggler-icon"></span>\n        </button>\n        <div class="collapse navbar-collapse" 
id="navbarNav">\n          <ul class="navbar-nav ms-auto align-items-center">\n            <li class="nav-item">\n     
         <a\n                class="nav-link active"\n                href="/index"\n                >HOME</a\n        
      >\n            </li>\n            <li class="nav-item">\n              <a\n                class="nav-link "\n   
             href="/decorations"\n                >DECORATION</a\n              >\n            </li>\n            <li 
class="nav-item">\n              <a\n                class="nav-link "\n                href="/cart"\n              
>\n                CART \n              </a>\n            </li>\n            <li class="nav-item">\n              <a\n 
               class="nav-link "\n                href="/profile"\n                >PROFILE</a\n              >\n      
      </li>\n            \n            <li class="nav-item ms-2">\n              <a\n                class="nav-link 
btn-nav-login"\n                href="/auth/login"\n                >LOGIN</a\n              >\n            </li>\n    
        <li class="nav-item ms-2">\n              <a\n                class="nav-link btn-nav-signup"\n                
href="/auth/register"\n                >SIGN UP</a\n              >\n            </li>\n            \n          
</ul>\n        </div>\n      </div>\n    </nav>\n\n    <!-- Flash Messages -->\n      \n\n    <!-- Main Content Block 
(No constrained container to allow full-width components) -->\n    \n<!-- Set up Package variables from database query 
-->\n\n\n\n\n\n<!-- Hero Section -->\n<div class="hero-section" style="background-image: 
url(\'/static/images/wedding_hero.png\');">\n  <div class="hero-overlay"></div>\n  <div class="hero-content">\n    <h1 
class="hero-title">Griya Rias Saraswati</h1>\n    <p class="hero-subtitle">"Beauty, Elegance, and Wedding Needs All in 
One Place."</p>\n    <a href="#catalog" class="btn btn-gold-cta">Book Now <i class="bi bi-chevron-right 
ms-1"></i></a>\n  </div>\n</div>\n\n<!-- Why Choose Us Section -->\n<div class="container section-padding 
text-center">\n  <h2 class="section-title">Why Choose Us?</h2>\n  <div class="row justify-content-center">\n    <div 
class="col-lg-10 col-xl-8">\n      <p class="why-choose-us-p">\n        Kami percaya bahwa setiap pernikahan memiliki 
cerita istimewa. Melalui layanan rias professional dan penyewaan\n        peralatan pernikahan, kami hadir untuk 
mempercantik setiap momen berharga di hari bahagia Anda.\n      </p>\n      <p class="why-choose-us-p">\n        
Dengan sentuhan keahlian dari tim yang berpengalaman, serta pelayanan yang tulus, kami berkomitmen memberikan\n        
pengalaman terbaik agar Anda dapat menikmati hari pernikahan dengan penuh percaya diri dan kebahagiaan.\n      </p>\n  
  </div>\n  </div>\n</div>\n\n<!-- Gallery Section -->\n<div class="gallery-section text-center">\n  <div 
class="container">\n    <h2 class="serif-font mb-4">Wujudkan Momen Spesialmu Bersama Kami</h2>\n\n    <div 
class="gallery-container">\n      <!-- Card 1 -->\n      <div class="gallery-card">\n        <img 
src="https://images.unsplash.com/photo-1519741497674-611481863552?auto=format&fit=crop&w=500&q=80"\n          
alt="Dekorasi Pengantin Premium">\n        <div class="gallery-card-overlay">\n          <h4 
class="gallery-card-title">Gambar Dekor</h4>\n        </div>\n      </div>\n      <!-- Card 2 -->\n      <div 
class="gallery-card">\n        <img 
src="https://images.unsplash.com/photo-1511285560929-80b456fea0bc?auto=format&fit=crop&w=500&q=80"\n          
alt="Pelaminan Mewah">\n        <div class="gallery-card-overlay">\n          <h4 class="gallery-card-title">Gambar 
Dekor</h4>\n        </div>\n      </div>\n      <!-- Card 3 -->\n      <div class="gallery-card">\n        <img 
src="https://images.unsplash.com/photo-1511795409834-ef04bbd61622?auto=format&fit=crop&w=500&q=80"\n          
alt="Tenda Resepsi & Pencahayaan">\n        <div class="gallery-card-overlay">\n          <h4 
class="gallery-card-title">Gambar Dekor</h4>\n        </div>\n      </div>\n      <!-- Card 4 -->\n      <div 
class="gallery-card">\n        <img 
src="https://images.unsplash.com/photo-1519225421980-715cb0215aed?auto=format&fit=crop&w=500&q=80"\n          
alt="Setup Meja Jamuan Pernikahan">\n        <div class="gallery-card-overlay">\n          <h4 
class="gallery-card-title">Gambar Dekor</h4>\n        </div>\n      </div>\n      <!-- Card 5 -->\n      <div 
class="gallery-card">\n        <img 
src="https://images.unsplash.com/photo-1523438885200-e635ba2c371e?auto=format&fit=crop&w=500&q=80"\n          
alt="Aksesoris Jalur Pengantin">\n        <div class="gallery-card-overlay">\n          <h4 
class="gallery-card-title">Gambar Dekor</h4>\n        </div>\n      </div>\n    </div>\n\n    <div class="mt-5">\n     
 <a href="#catalog" class="btn btn-dark-outline">Lihat Paket</a>\n    </div>\n  </div>\n</div>\n\n<!-- Packages 
Section -->\n<div id="catalog" class="packages-section">\n  <div class="container text-center">\n    <h2 
class="serif-font mb-5" style="font-size: 2.5rem; letter-spacing: 1px;">Packages</h2>\n\n    <div class="row g-4 
justify-content-center text-start">\n      <!-- Silver Package -->\n      <div class="col-lg-4 col-md-6">\n        
<div class="package-card shadow">\n          <div class="package-name">Silver Package</div>\n          <ul 
class="package-features">\n            <li>Makeup Busana Pengantin 1x ganti</li>\n            <li>Makeup Busana Orang 
Tua (2)</li>\n            <li>Makeup Busana Penerima Tamu (2)</li>\n            <li>Tarub 6x 12 Meter + Gerbang</li>\n 
           <li>Unlimited High Res Photos + Cetak Album Magnetic</li>\n            <li>Accessories + Melati Asli</li>\n 
           <li>Dekorasi Kamar</li>\n            <li>Wedding Gate</li>\n            <li>Henna</li>\n            
<li>MC</li>\n            <li>Untuk 1 hari</li>\n          </ul>\n          <div class="package-footer-area">\n         
   <div class="package-price">Rp. 12.200.000</div>\n            \n            <button class="btn btn-cart-bronze" 
disabled aria-label="Package Unavailable"><i\n                class="bi bi-cart3"></i></button>\n            \n        
  </div>\n        </div>\n      </div>\n\n      <!-- Gold Package -->\n      <div class="col-lg-4 col-md-6">\n        
<div class="package-card shadow">\n          <div class="package-name">Gold Package</div>\n          <ul 
class="package-features">\n            <li>Makeup Busana Pengantin 3x Ganti</li>\n            <li>Makeup Busana Orang 
Tua (2)</li>\n            <li>Makeup Busana Resepsi (2)</li>\n            <li>Makeup Busana Pagar Ayu (4)</li>\n       
     <li>Makeup Busana Manggolo (2)</li>\n            <li>Tarub 6x 12 Meter + Cetabah</li>\n            <li>Unlimited 
High Res Photos + Cetak Album Magnetic</li>\n            <li>Accessories + Melati Asli</li>\n            <li>Dekorasi 
Kamar</li>\n            <li>Wedding Gate</li>\n            <li>Henna</li>\n            <li>MC + Tari Pengiring</li>\n  
          <li>Hiburan Organ Tunggal + Singer</li>\n            <li>Genset</li>\n            <li>Sound System</li>\n    
        <li>Kursi VIP Kursi Alum</li>\n          </ul>\n          <div class="package-footer-area">\n            <div 
class="package-price">Rp. 15.300.000</div>\n            \n            <button class="btn btn-cart-bronze" disabled 
aria-label="Package Unavailable"><i\n                class="bi bi-cart3"></i></button>\n            \n          
</div>\n        </div>\n      </div>\n\n      <!-- Platinum Package -->\n      <div class="col-lg-4 col-md-6">\n       
 <div class="package-card shadow">\n          <div class="package-name">Platinum Package</div>\n          <ul 
class="package-features">\n            <li>Makeup Busana Pengantin 3x ganti</li>\n            <li>Makeup Busana Orang 
Tua (2)</li>\n            <li>Makeup Busana Resepsi (2)</li>\n            <li>Makeup Busana Pagar Ayu (4)</li>\n       
     <li>Makeup Busana Manggolo (2)</li>\n            <li>Tarub 6x 12 Meter</li>\n            <li>Unlimited High Res 
Photos + Cetak Album Magnetic</li>\n            <li>Hiburan + Organ Tunggal + Singer</li>\n            <li>Dekorasi 
Utama</li>\n            <li>Wedding Gate</li>\n            <li>Henna Putih + Melati Asli</li>\n            <li>MC + 
Tari Pengiring</li>\n            <li>Genset + Sound System</li>\n            <li>Free Acara Adat Panggih</li>\n        
    <li>Free Makeup Pre-Wedding</li>\n            <li>Gunting + Full Karpet (Bebas Request Warna Karpet)</li>\n        
  </ul>\n          <div class="package-footer-area">\n            <div class="package-price">Rp. 17.400.000</div>\n    
        \n            <button class="btn btn-cart-bronze" disabled aria-label="Package Unavailable"><i\n               
 class="bi bi-cart3"></i></button>\n            \n          </div>\n        </div>\n      </div>\n    </div>\n  
</div>\n</div>\n\n<!-- Footer Section -->\n<div class="footer-section">\n  footer\n</div>\n\n<!-- Booking Modal 
-->\n<div class="modal fade" id="orderModal" tabindex="-1" aria-labelledby="orderModalLabel" aria-hidden="true">\n  
<div class="modal-dialog modal-dialog-centered">\n    <div class="modal-content" style="border-radius: 15px; border: 
1px solid rgba(197, 168, 128, 0.25);">\n      <div class="modal-header bg-dark text-white"\n        
style="border-top-left-radius: 14px; border-top-right-radius: 14px; border-bottom: 2px solid var(--primary-gold);">\n  
      <h5 class="modal-title" id="orderModalLabel"><i class="bi bi-calendar-check text-warning me-2"></i> Form\n       
   Pemesanan Paket</h5>\n        <button type="button" class="btn-close btn-close-white" data-bs-dismiss="modal" 
aria-label="Close"></button>\n      </div>\n      <div class="modal-body p-4">\n        \n        <div 
class="text-center py-4">\n          <i class="bi bi-shield-lock-fill text-warning mb-3" style="font-size: 
3.5rem;"></i>\n          <h4>Akses Terbatas</h4>\n          <p class="text-muted mt-2 mb-4">Silakan masuk (Login) 
terlebih dahulu untuk melakukan pemesanan paket\n            pernikahan Anda.</p>\n          <div class="d-grid 
gap-2">\n            <a href="/auth/login" class="btn btn-dark-outline py-2.5">Login Sekarang</a>\n            <a 
href="/auth/register" class="btn btn-link text-muted small">Belum punya akun? Daftar\n              gratis</a>\n       
   </div>\n        </div>\n        \n      </div>\n    </div>\n  </div>\n</div>\n\n<!-- Modal Javascript Controller 
-->\n<script>\n  document.addEventListener(\'DOMContentLoaded\', function () {\n    // Set minimal date input to 
today\n    const today = new Date().toISOString().split(\'T\')[0];\n    const startDateInput = 
document.getElementById(\'start_date\');\n    const endDateInput = document.getElementById(\'end_date\');\n\n    if 
(startDateInput) {\n      startDateInput.min = today;\n      startDateInput.addEventListener(\'change\', function () 
{\n        endDateInput.min = this.value;\n      });\n    }\n\n    // Modal data bindings\n    const orderModal = 
document.getElementById(\'orderModal\');\n    if (orderModal) {\n      orderModal.addEventListener(\'show.bs.modal\', 
function (event) {\n        const button = event.relatedTarget;\n        const productId = 
button.getAttribute(\'data-product-id\');\n        const productName = button.getAttribute(\'data-product-name\');\n   
     const productPrice = button.getAttribute(\'data-product-price\');\n\n        const modalIdInput = 
orderModal.querySelector(\'#modal-product-id\');\n        const modalNameEl = 
orderModal.querySelector(\'#modal-product-name\');\n        const modalPriceEl = 
orderModal.querySelector(\'#modal-product-price\');\n\n        if (modalIdInput) modalIdInput.value = productId;\n     
   if (modalNameEl) modalNameEl.textContent = productName;\n        if (modalPriceEl) modalPriceEl.textContent = 
productPrice;\n      });\n    }\n  });\n</script>\n\n\n    <!-- Bootstrap JS -->\n    <script 
src="https://cdn.jsdelivr.net/npm/bootstrap@5.3.0/dist/js/bootstrap.bundle.min.js"></script>\n  </body>\n</html>'

----------------------------------------------------------------------
Ran 14 tests in 5.994s

FAILED (failures=1)
